"title","name","age","sister","brother"
"CAPE FEARE","MAGGIE",1,"LISA","BART"
"CAPE FEARE","LISA",8,"MAGGIE","BART"
"CAPE FEARE","BART",10,"LISA","MAGGIE (WAIT! WHAT?)"
"CAPE FEARE","MARGE",36,,
"CAPE FEARE","SIDESHOW BOB",,,
"HOMER LOVES FLANDERS","HOMER",39,,
"HOMER LOVES FLANDERS","NED FLANDERS",60,"NEDIANA",
