"title","name","child","age"
"Cape Feare","MAGGIE","yes",
"Cape Feare","LISA","yes",
"Cape Feare","BART","yes",
"Cape Feare","MARGE",,"36 years old"
"Cape Feare","SIDESHOW BOB",,
"Homer Loves Flanders","HOMER",,"39 years old"
"Homer Loves Flanders","NED FLANDERS",,"60 years old"
