"title","name","child","age","okely-dokely","eat-my-shorts"
"Cape Feare","Maggie","yes",,,"Bart"
"Cape Feare","Lisa","yes",,,"Bart"
"Cape Feare","Bart","yes",,,
"Cape Feare","Marge",,36,,
"Cape Feare","Sideshow Bob",,,,
"Homer Loves Flanders","Homer",,39,,
"Homer Loves Flanders","Ned Flanders",,60,"Nediana",
