"title","name","age","sister","brother"
"Cape Feare","Maggie",1,"Lisa","Bart"
"Cape Feare","Lisa",8,"Maggie","Bart"
"Cape Feare","Bart",10,"Lisa","Maggie (wait! what?)"
"Cape Feare","Marge",36,,
"Cape Feare","Sideshow Bob",,,
"Homer Loves Flanders","Homer",39,,
"Homer Loves Flanders","Ned Flanders",60,"Nediana",
